Microchip MPLAB XC8 Compiler V2.41

Linker command line:

-W-3 \
  --edf=C:/Program Files/Microchip/MPLABX/v6.15/packs/Microchip/PIC16Fxxx_DFP/1.4.149/xc8\pic\dat\20230322214319_en.msgs \
  -cn -h+dist/default/production\Lokaverkefni.X.production.sym \
  --cmf=dist/default/production\Lokaverkefni.X.production.cmf -z -Q16F887 \
  -oC:\Users\stein\AppData\Local\Temp\xcAs2g8.\driver_tmp_3.o \
  --defsym=__MPLAB_BUILD=1 --fixupoverflow=error \
  -Mdist/default/production/Lokaverkefni.X.production.map \
  --md=C:\Users\stein\AppData\Local\Temp\xcAs2g8.\driver_tmp_0.dat -E1 \
  -ver=XC8 Compiler --acfsm=1493 -ACODE=00h-07FFhx4 -ASTRCODE=00h-01FFFh \
  -ASTRING=00h-0FFhx32 -ACONST=00h-0FFhx32 -AENTRY=00h-0FFhx32 \
  -ACOMMON=070h-07Fh -ABANK0=020h-06Fh -ABANK1=0A0h-0EFh \
  -ABANK2=0110h-016Fh -ABANK3=0190h-01EFh \
  -ARAM=020h-06Fh,0A0h-0EFh,0110h-016Fh,0190h-01EFh \
  -AABS1=020h-07Fh,0A0h-0EFh,0110h-016Fh,0190h-01EFh -ASFR0=00h-01Fh \
  -ASFR1=080h-09Fh -ASFR2=0100h-010Fh -ASFR3=0180h-018Fh \
  -ACONFIG=02007h-02008h -DCONFIG=2 -AIDLOC=02000h-02003h -DIDLOC=2 \
  -AEEDATA=00h-0FFh/02100h -peeprom_data=EEDATA -DEEDATA=2 -DCODE=2 \
  -DSTRCODE=2 -DSTRING=2 -DCONST=2 -DENTRY=2 \
  -preset_vec=00h,intentry,init,end_init -ppowerup=CODE -pcinit=CODE \
  -pfunctab=ENTRY -k \
  C:\Users\stein\AppData\Local\Temp\xcAs2g8.\driver_tmp_12.o \
  dist/default/production\Lokaverkefni.X.production.o 

Object code version is 3.11

Machine type is 16F887



                Name                               Link     Load   Length Selector   Space Scale
C:\Users\stein\AppData\Local\Temp\xcAs2g8.\driver_tmp_12.o
                end_init                              0        0        3        0       0
                config                             2007     2007        2        0       4
dist/default/production\Lokaverkefni.X.production.o
                cinit                               7DB      7DB       25      FB6       0
                config                             2007     2007        2        0       4
                text12                              E0A      E0A      1F6     1C14       0
                text11                              AE0      AE0       2D     15C0       0
                text10                              AA7      AA7        B     154E       0
                text9                                 8        8        C       10       0
                text8                                14       14       3A       28       0
                text7                                4E       4E      30E       9C       0
                text6                               AC5      AC5       1B     158A       0
                text5                               35C      35C      47F      6B8       0
                text4                               B0D      B0D       39     161A       0
                text3                               CBA      CBA      150     1974       0
                text2                               AB2      AB2       13     1564       0
                text1                               B46      B46       5C     168C       0
                maintext                            BA2      BA2      118     1744       0
                cstackBANK0                          4C       4C        C       20       1
                cstackCOMMON                         70       70        D       70       1
                clrtext                             A9F      A9F        8     153E       0
                dataBANK0                            58       58        4       20       1
                bssBANK0                             20       20       2C       20       1
                stringtext                         1000     1000      1A9       20       0
                strings                             800      800       12     1000       0
                idataBANK0                            4        4        4        8       0

TOTAL           Name                               Link     Load   Length     Space
        CLASS   CODE           
                end_init                              0        0        3         0
                cinit                               7DB      7DB       25         0
                text12                              E0A      E0A      1F6         0
                text11                              AE0      AE0       2D         0
                text10                              AA7      AA7        B         0
                text9                                 8        8        C         0
                text8                                14       14       3A         0
                text7                                4E       4E      30E         0
                text6                               AC5      AC5       1B         0
                text5                               35C      35C      47F         0
                text4                               B0D      B0D       39         0
                text3                               CBA      CBA      150         0
                text2                               AB2      AB2       13         0
                text1                               B46      B46       5C         0
                maintext                            BA2      BA2      118         0
                clrtext                             A9F      A9F        8         0
                idataBANK0                            4        4        4         0

        CLASS   STRCODE        
                stringtext                         1000     1000      1A9         0

        CLASS   STRING         
                strings                             800      800       12         0

        CLASS   CONST          

        CLASS   ENTRY          

        CLASS   COMMON         
                cstackCOMMON                         70       70        D         1

        CLASS   BANK0          
                cstackBANK0                          4C       4C        C         1
                dataBANK0                            58       58        4         1
                bssBANK0                             20       20       2C         1

        CLASS   BANK1          

        CLASS   BANK2          

        CLASS   BANK3          

        CLASS   RAM            

        CLASS   ABS1           
                abs_s1                               7E       7E        2         1

        CLASS   SFR0           

        CLASS   SFR1           

        CLASS   SFR2           

        CLASS   SFR3           

        CLASS   CONFIG         
                config                             2007     2007        2         4

        CLASS   IDLOC          

        CLASS   EEDATA         

        CLASS   STACK          



SEGMENTS        Name                           Load    Length   Top    Selector   Space  Class     Delta

                reset_vec                      000000  000003  000003         0       0  CODE        2
                idataBANK0                     000004  000004  000008         8       0  CODE        2
                text9                          000008  00000C  000014        10       0  CODE        2
                bssBANK0                       000020  00003C  00005C        20       1  BANK0       1
                text8                          000014  00003A  00004E        28       0  CODE        2
                cstackCOMMON                   000070  00000D  00007D        70       1  COMMON      1
                text7                          00004E  00030E  00035C        9C       0  CODE        2
                text5                          00035C  00047F  0007DB       6B8       0  CODE        2
                cinit                          0007DB  000025  000800       FB6       0  CODE        2
                strings                        000800  000012  000812      1000       0  STRING      2
                clrtext                        000A9F  000008  000AA7      153E       0  CODE        2
                text10                         000AA7  00000B  000AB2      154E       0  CODE        2
                text2                          000AB2  000013  000AC5      1564       0  CODE        2
                text6                          000AC5  00001B  000AE0      158A       0  CODE        2
                text11                         000AE0  00002D  000B0D      15C0       0  CODE        2
                text4                          000B0D  000039  000B46      161A       0  CODE        2
                text1                          000B46  00005C  000BA2      168C       0  CODE        2
                maintext                       000BA2  000118  000CBA      1744       0  CODE        2
                text3                          000CBA  000150  000E0A      1974       0  CODE        2
                text12                         000E0A  0001F6  001000      1C14       0  CODE        2
                stringtext                     001000  0001A9  0011A9        20       0  STRCODE     2


UNUSED ADDRESS RANGES

        Name                Unused          Largest block    Delta
        BANK0            005C-006F             14           1
        BANK1            00A0-00EF             50           1
        BANK2            0110-016F             60           1
        BANK3            0190-01EF             60           1
        CODE             0003-0003              1           2
                         0812-0A9E            28D
                         11A9-1FFF            657
        COMMON           007D-007D              1           1
        CONST            0003-0003              1           2
                         0812-0A9E            100
                         11A9-1FFF            100
        EEDATA           2100-21FF            100           2
        ENTRY            0003-0003              1           2
                         0812-0A9E            100
                         11A9-1FFF            100
        IDLOC            2000-2003              4           2
        RAM              005C-006F             14           1
                         00A0-00EF             50
                         0110-016F             60
                         0190-01EF             60
        SFR0             0000-001F             20           1
        SFR1             0080-009F             20           1
        SFR2             0100-010F             10           1
        SFR3             0180-018F             10           1
        STRCODE          0003-0003              1           2
                         0812-0A9E            28D
                         11A9-1FFF            E57
        STRING           0003-0003              1           2
                         0812-0A9E            100
                         11A9-1FFF            100

                                  Symbol Table

?_KeyPad                 cstackCOMMON 0070
A@num                    cstackBANK0  0051
B@num                    cstackBANK0  004C
KeyPad@input             cstackCOMMON 0078
KeyPad@press             cstackCOMMON 0074
KeyPad@tala              cstackCOMMON 0076
Val@num                  cstackBANK0  004C
_A                       text5        035C
_ANSEL                   (abs)        0188
_ANSELH                  (abs)        0189
_B                       text3        0CBA
_CM1CON0                 (abs)        0107
_CM2CON0                 (abs)        0108
_DebounceA               bssBANK0     004A
_DebounceB               bssBANK0     0048
_INTCON                  (abs)        000B
_INTCONbits              (abs)        000B
_IOCB6                   (abs)        04B6
_IOCB7                   (abs)        04B7
_KeyPad                  text12       0E0A
_ManualRun               bssBANK0     0026
_OSCCON                  (abs)        008F
_PEIE                    (abs)        005E
_PORTA                   (abs)        0005
_PORTB                   (abs)        0006
_PORTC                   (abs)        0007
_PORTD                   (abs)        0008
_PORTE                   (abs)        0009
_RA0                     (abs)        0028
_RA1                     (abs)        0029
_RA2                     (abs)        002A
_RA3                     (abs)        002B
_RA4                     (abs)        002C
_RA5                     (abs)        002D
_RA6                     (abs)        002E
_RA7                     (abs)        002F
_RB4                     (abs)        0034
_RB5                     (abs)        0035
_RB6                     (abs)        0036
_RB7                     (abs)        0037
_RBIE                    (abs)        005B
_RBIF                    (abs)        0058
_RC0                     (abs)        0038
_RC1                     (abs)        0039
_RC2                     (abs)        003A
_RC3                     (abs)        003B
_RC4                     (abs)        003C
_RC5                     (abs)        003D
_RCIE                    (abs)        0465
_RE0                     (abs)        0048
_TRISA                   (abs)        0085
_TRISB                   (abs)        0086
_TRISC                   (abs)        0087
_TRISD                   (abs)        0088
_TRISE                   (abs)        0089
_Val                     text7        004E
__H__absolute__          __absolute__ 0000
__Habs1                  abs1         0000
__Hbank0                 bank0        0000
__Hbank1                 bank1        0000
__Hbank2                 bank2        0000
__Hbank3                 bank3        0000
__HbssBANK0              bssBANK0     0000
__Hcinit                 cinit        0800
__Hclrtext               clrtext      0000
__Hcode                  code         0000
__Hcommon                common       0000
__Hconfig                config       2009
__HcstackBANK0           cstackBANK0  0000
__HcstackCOMMON          cstackCOMMON 0000
__HdataBANK0             dataBANK0    0000
__Heeprom_data           eeprom_data  0000
__Hend_init              end_init     0003
__Hfunctab               functab      0000
__HidataBANK0            idataBANK0   0000
__Hinit                  init         0000
__Hintentry              intentry     0000
__Hmaintext              maintext     0000
__Hpowerup               powerup      0000
__Hram                   ram          0000
__Hreset_vec             reset_vec    0000
__Hsfr0                  sfr0         0000
__Hsfr1                  sfr1         0000
__Hsfr2                  sfr2         0000
__Hsfr3                  sfr3         0000
__Hspace_0               (abs)        11A9
__Hspace_1               (abs)        007D
__Hspace_2               (abs)        0000
__Hspace_3               (abs)        0000
__Hspace_4               (abs)        4010
__Hstack                 stack        0000
__Hstrings               strings      0000
__Hstringtext            stringtext   0000
__Htext                  text         0000
__L__absolute__          __absolute__ 0000
__Labs1                  abs1         0000
__Lbank0                 bank0        0000
__Lbank1                 bank1        0000
__Lbank2                 bank2        0000
__Lbank3                 bank3        0000
__LbssBANK0              bssBANK0     0000
__Lcinit                 cinit        07DB
__Lclrtext               clrtext      0000
__Lcode                  code         0000
__Lcommon                common       0000
__Lconfig                config       0000
__LcstackBANK0           cstackBANK0  0000
__LcstackCOMMON          cstackCOMMON 0000
__LdataBANK0             dataBANK0    0000
__Leeprom_data           eeprom_data  0000
__Lend_init              end_init     0000
__Lfunctab               functab      0000
__LidataBANK0            idataBANK0   0000
__Linit                  init         0000
__Lintentry              intentry     0000
__Lmaintext              maintext     0000
__Lpowerup               powerup      0000
__Lram                   ram          0000
__Lreset_vec             reset_vec    0000
__Lsfr0                  sfr0         0000
__Lsfr1                  sfr1         0000
__Lsfr2                  sfr2         0000
__Lsfr3                  sfr3         0000
__Lspace_0               (abs)        0000
__Lspace_1               (abs)        0000
__Lspace_2               (abs)        0000
__Lspace_3               (abs)        0000
__Lspace_4               (abs)        0000
__Lstack                 stack        0000
__Lstrings               strings      0000
__Lstringtext            stringtext   0000
__Ltext                  text         0000
__S0                     (abs)        11A9
__S1                     (abs)        007D
__S3                     (abs)        0000
___int_sp                stack        0000
___latbits               (abs)        0002
___sp                    stack        0000
___stackhi               (abs)        0000
___stacklo               (abs)        0000
__end_of_A               text5        07DB
__end_of_B               text3        0E0A
__end_of_KeyPad          text12       1000
__end_of_Val             text7        035C
__end_of__initialization cinit        07FC
__end_of__stringtab      strings      0812
__end_of_lcd_chr         text6        0AE0
__end_of_lcd_chr_cp      text10       0AB2
__end_of_lcd_clear       text2        0AC5
__end_of_lcd_goto        text9        0014
__end_of_lcd_init        text1        0BA2
__end_of_lcd_out         text8        004E
__end_of_lcd_write       text11       0B0D
__end_of_main            maintext     0CBA
__end_of_reset           text4        0B46
__initialization         cinit        07DB
__pbssBANK0              bssBANK0     0020
__pcstackBANK0           cstackBANK0  004C
__pcstackCOMMON          cstackCOMMON 0070
__pdataBANK0             dataBANK0    0058
__pidataBANK0            idataBANK0   0004
__pmaintext              maintext     0BA2
__pstrings               strings      0800
__pstringtext            stringtext   1000
__ptext1                 text1        0B46
__ptext10                text10       0AA7
__ptext11                text11       0AE0
__ptext12                text12       0E0A
__ptext2                 text2        0AB2
__ptext3                 text3        0CBA
__ptext4                 text4        0B0D
__ptext5                 text5        035C
__ptext6                 text6        0AC5
__ptext7                 text7        004E
__ptext8                 text8        0014
__ptext9                 text9        0008
__stringbase             strings      0812
__stringtab              strings      0800
_flicker1                bssBANK0     0040
_flicker2                bssBANK0     003C
_flickerA1               bssBANK0     003E
_flickerA2               bssBANK0     003A
_interrupt_ms            bssBANK0     0046
_kubbur1                 bssBANK0     0036
_kubbur2                 bssBANK0     0034
_kubbur3                 bssBANK0     0032
_kubbur4                 bssBANK0     0030
_lcd_chr                 text6        0AC5
_lcd_chr_cp              text10       0AA7
_lcd_clear               text2        0AB2
_lcd_goto                text9        0008
_lcd_init                text1        0B46
_lcd_out                 text8        0014
_lcd_write               text11       0AE0
_main                    maintext     0BA2
_pallur                  bssBANK0     002C
_reset                   text4        0B0D
_run                     bssBANK0     002E
_scan                    bssBANK0     0042
_segull                  bssBANK0     0044
_teljari                 bssBANK0     0038
btemp                    (abs)        007E
clear_ram0               clrtext      0A9F
end_of_initialization    cinit        07FC
intlevel0                functab      0000
intlevel1                functab      0000
intlevel2                functab      0000
intlevel3                functab      0000
intlevel4                functab      0000
intlevel5                functab      0000
lcd_chr@c                cstackCOMMON 0075
lcd_chr@character        cstackCOMMON 0074
lcd_chr@line             cstackCOMMON 0077
lcd_chr_cp@c             cstackCOMMON 0073
lcd_goto@pos             cstackCOMMON 0073
lcd_out@character        cstackCOMMON 0074
lcd_out@line             cstackCOMMON 0078
lcd_out@s                cstackCOMMON 0075
lcd_write@c              cstackCOMMON 0072
main@num                 cstackBANK0  0056
reset_vec                reset_vec    0000
start                    init         0000
start_initialization     cinit        07DB
wtemp0                   (abs)        007E


MODULE INFORMATION

Module		Function		Class		Link	Load	Size
./LCD.c
		_lcd_chr       		CODE           	0AC5	0000	27
		_lcd_chr_cp    		CODE           	0AA7	0000	11
		_lcd_clear     		CODE           	0AB2	0000	19
		_lcd_goto      		CODE           	0008	0000	12
		_lcd_write     		CODE           	0AE0	0000	45
		_lcd_init      		CODE           	0B46	0000	92
		_lcd_out       		CODE           	0014	0000	58

./LCD.c estimated size: 264

Lokaverkefni.c
		_reset         		CODE           	0B0D	0000	57
		_KeyPad        		CODE           	0E0A	0000	502
		_main          		CODE           	0BA2	0000	280
		_Val           		CODE           	004E	0000	782
		_A             		CODE           	035C	0000	1151
		_B             		CODE           	0CBA	0000	336

Lokaverkefni.c estimated size: 3108

shared
		__stringtab    		STRING         	0800	0000	18
		__initialization		CODE           	07DB	0000	33

shared estimated size: 51

